START tests 2026-10-06T07:28:43.519462+00:00
.......SCORED 51 / 51
AUDITED 51 / 51
SCORED 51 / 51
AUDITED 51 / 51
.
----------------------------------------------------------------------
Ran 8 tests in 0.295s

OK
EXIT tests 0
START synthetic 2026-10-06T07:28:44.153206+00:00
SCORED 20000 / 339626
SCORED 40000 / 339626
SCORED 60000 / 339626
SCORED 80000 / 339626
SCORED 100000 / 339626
SCORED 120000 / 339626
SCORED 140000 / 339626
SCORED 160000 / 339626
SCORED 180000 / 339626
SCORED 200000 / 339626
SCORED 220000 / 339626
SCORED 240000 / 339626
SCORED 260000 / 339626
SCORED 280000 / 339626
SCORED 300000 / 339626
SCORED 320000 / 339626
SCORED 339626 / 339626
AUDITED 20000 / 339626
AUDITED 40000 / 339626
AUDITED 60000 / 339626
AUDITED 80000 / 339626
AUDITED 100000 / 339626
AUDITED 120000 / 339626
AUDITED 140000 / 339626
AUDITED 160000 / 339626
AUDITED 180000 / 339626
AUDITED 200000 / 339626
AUDITED 220000 / 339626
AUDITED 240000 / 339626
AUDITED 260000 / 339626
AUDITED 280000 / 339626
AUDITED 300000 / 339626
AUDITED 320000 / 339626
AUDITED 339626 / 339626
{"status": "DISCOVERY_COMPLETE_LEAD_REVIEW_PENDING", "budget": 339626, "raw_digest": "da56ccfd117e54711df3158c7a2db465a79a592a49a5c4a8ba32a1fd5a292fba"}
EXIT synthetic 0
PREFLIGHT_PASS; MARKET NOT RUN

