[P1] استعمال السبريد المقاس المخزَّن (spread_measured_l0082.csv) بلا إعادة تنزيل
[P1] === قياس العمق من bookDepth ===
[P1] depth BTCUSDT: 2023:-1%, 2024:-1%, 2025:-1%, 2026:-0.20%
[P1] depth ETHUSDT: 2023:-1%, 2024:-1%, 2025:-1%, 2026:-0.20%
[P1] depth BNBUSDT: 2023:-1%, 2024:-1%, 2025:-1%, 2026:-0.20%
[P1] depth SOLUSDT: 2023:-1%, 2024:-1%, 2025:-1%, 2026:-0.20%
[P1] depth XRPUSDT: 2023:-1%, 2024:-1%, 2025:-1%, 2026:-0.20%
[P1] depth ADAUSDT: 2023:-1%, 2024:-1%, 2025:-1%, 2026:-0.20%
[P1] depth DOGEUSDT: 2023:-1%, 2024:-1%, 2025:-1%, 2026:-0.20%
[P1] depth AVAXUSDT: 2023:-1%, 2024:-1%, 2025:-1%, 2026:-0.20%
[P1] depth LINKUSDT: 2023:-1%, 2024:-1%, 2025:-1%, 2026:-0.20%
[P1] depth DOTUSDT: 2023:-1%, 2024:-1%, 2025:-1%, 2026:-0.20%
[P1] depth LTCUSDT: 2023:-1%, 2024:-1%, 2025:-1%, 2026:-0.20%
[P1] depth ATOMUSDT: 2023:-1%, 2024:-1%, 2025:-1%, 2026:-0.20%
[P1] نموذج الحجم: ln(spread)=15.5618+-0.8922*ln(dvol)  R2=0.7643  use_model=True

[P1] G1=PASS
 symbol  year  dollar_vol_bar  spread_bps spread_source  depth_notional depth_level  impact_bps  cost_market_bps
BTCUSDT  2021    2.474353e+09      0.0239       modeled     98900963.33         -1%         0.0          10.0239
BTCUSDT  2022    1.695162e+09      0.0334       modeled     98900963.33         -1%         0.0          10.0334
BTCUSDT  2023    1.379051e+09      0.0304      measured     98900963.33         -1%         0.0          10.0304
BTCUSDT  2024    2.152324e+09      0.0304      measured    103113143.41         -1%         0.0          10.0304
BTCUSDT  2025    2.098540e+09      0.0276       modeled    190513974.91         -1%         0.0          10.0276
BTCUSDT  2026    1.428724e+09      0.0390       modeled     35007475.31      -0.20%         0.0          10.0390
ETHUSDT  2021    1.057041e+09      0.0510       modeled     45547959.17         -1%         0.0          10.0510
ETHUSDT  2022    1.005730e+09      0.0533       modeled     45547959.17         -1%         0.0          10.0533
ETHUSDT  2023    6.927923e+08      0.0508      measured     45547959.17         -1%         0.0          10.0508
ETHUSDT  2024    1.122388e+09      0.0508      measured     47551888.92         -1%         0.0          10.0508
ETHUSDT  2025    1.987356e+09      0.0290       modeled     64566896.50         -1%         0.0          10.0290
ETHUSDT  2026    1.184743e+09      0.0460       modeled     16910369.69      -0.20%         0.0          10.0460
BNBUSDT  2021    1.630874e+08      0.2701       modeled      4609024.22         -1%         0.0          10.2701
BNBUSDT  2022    6.812709e+07      0.5884       modeled      4609024.22         -1%         0.0          10.5884
BNBUSDT  2023    4.741504e+07      0.3614      measured      4609024.22         -1%         0.0          10.3614
BNBUSDT  2024    6.618566e+07      0.3614      measured      4717672.25         -1%         0.0          10.3614
BNBUSDT  2025    7.692397e+07      0.5280       modeled      6702994.52         -1%         0.0          10.5280
BNBUSDT  2026    4.681027e+07      0.8224       modeled      1428440.00      -0.20%         0.0          10.8224
SOLUSDT  2021    7.529967e+07      0.5381       modeled      3126743.52         -1%         0.0          10.5381
SOLUSDT  2022    1.264652e+08      0.3388       modeled      3126743.52         -1%         0.0          10.3388
SOLUSDT  2023    1.112168e+08      0.3369      measured      3126743.52         -1%         0.0          10.3369
SOLUSDT  2024    4.012689e+08      0.3369      measured     10886117.75         -1%         0.0          10.3369
SOLUSDT  2025    5.398369e+08      0.0928       modeled     22469907.36         -1%         0.0          10.0928
SOLUSDT  2026    2.612531e+08      0.1774       modeled      3751128.35      -0.20%         0.0          10.1774
