MEASURE 12 / 441
MEASURE 24 / 441
MEASURE 36 / 441
MEASURE 48 / 441
MEASURE 60 / 441
MEASURE 72 / 441
MEASURE 84 / 441
MEASURE 96 / 441
MEASURE 108 / 441
MEASURE 120 / 441
MEASURE 132 / 441
MEASURE 144 / 441
MEASURE 156 / 441
MEASURE 168 / 441
MEASURE 180 / 441
MEASURE 192 / 441
MEASURE 204 / 441
MEASURE 216 / 441
MEASURE 228 / 441
MEASURE 240 / 441
MEASURE 252 / 441
MEASURE 264 / 441
MEASURE 276 / 441
MEASURE 288 / 441
MEASURE 300 / 441
MEASURE 312 / 441
MEASURE 324 / 441
MEASURE 336 / 441
MEASURE 348 / 441
MEASURE 360 / 441
MEASURE 372 / 441
MEASURE 384 / 441
MEASURE 396 / 441
MEASURE 408 / 441
MEASURE 420 / 441
MEASURE 432 / 441
{"status": "MEASUREMENT_COMPLETE_AUDIT_PENDING", "synthetic": true, "rows": 441, "pairs": 405, "control_draws_each": 64, "null_asset_period_counts": 77760, "elapsed_seconds": 0.2995165959999895, "scope_sha256": "57c4b417e0ba5bd940fe0eba85d912cca12180e85f32a27540fcd2a4b2c86d1a", "raw_sha256": "56a1dbaf68cd700a27ec25cd7bb958c14d912d86eb730fbc6d108504b3dec5c2", "adoption": "NOT AUTHORISED"}
AUDIT 12 / 441
AUDIT 24 / 441
AUDIT 36 / 441
AUDIT 48 / 441
AUDIT 60 / 441
AUDIT 72 / 441
AUDIT 84 / 441
AUDIT 96 / 441
AUDIT 108 / 441
AUDIT 120 / 441
AUDIT 132 / 441
AUDIT 144 / 441
AUDIT 156 / 441
AUDIT 168 / 441
AUDIT 180 / 441
AUDIT 192 / 441
AUDIT 204 / 441
AUDIT 216 / 441
AUDIT 228 / 441
AUDIT 240 / 441
AUDIT 252 / 441
AUDIT 264 / 441
AUDIT 276 / 441
AUDIT 288 / 441
AUDIT 300 / 441
AUDIT 312 / 441
AUDIT 324 / 441
AUDIT 336 / 441
AUDIT 348 / 441
AUDIT 360 / 441
AUDIT 372 / 441
AUDIT 384 / 441
AUDIT 396 / 441
AUDIT 408 / 441
AUDIT 420 / 441
AUDIT 432 / 441
{"status": "PASS", "synthetic": true, "rows": 441, "pairs": 405, "control_draws_each": 64, "null_asset_period_counts": 77760, "elapsed_seconds": 0.4186943470000415, "scope_sha256": "57c4b417e0ba5bd940fe0eba85d912cca12180e85f32a27540fcd2a4b2c86d1a", "raw_sha256": "56a1dbaf68cd700a27ec25cd7bb958c14d912d86eb730fbc6d108504b3dec5c2", "adoption": "NOT AUTHORISED"}
MEASURE 12 / 441
MEASURE 24 / 441
MEASURE 36 / 441
MEASURE 48 / 441
MEASURE 60 / 441
MEASURE 72 / 441
MEASURE 84 / 441
MEASURE 96 / 441
MEASURE 108 / 441
MEASURE 120 / 441
MEASURE 132 / 441
MEASURE 144 / 441
MEASURE 156 / 441
MEASURE 168 / 441
MEASURE 180 / 441
MEASURE 192 / 441
MEASURE 204 / 441
MEASURE 216 / 441
MEASURE 228 / 441
MEASURE 240 / 441
MEASURE 252 / 441
MEASURE 264 / 441
MEASURE 276 / 441
MEASURE 288 / 441
MEASURE 300 / 441
MEASURE 312 / 441
MEASURE 324 / 441
MEASURE 336 / 441
MEASURE 348 / 441
MEASURE 360 / 441
MEASURE 372 / 441
MEASURE 384 / 441
MEASURE 396 / 441
MEASURE 408 / 441
MEASURE 420 / 441
MEASURE 432 / 441
{"status": "MEASUREMENT_COMPLETE_AUDIT_PENDING", "synthetic": true, "rows": 441, "pairs": 405, "control_draws_each": 64, "null_asset_period_counts": 77760, "elapsed_seconds": 0.15837730199996258, "scope_sha256": "57c4b417e0ba5bd940fe0eba85d912cca12180e85f32a27540fcd2a4b2c86d1a", "raw_sha256": "56a1dbaf68cd700a27ec25cd7bb958c14d912d86eb730fbc6d108504b3dec5c2", "adoption": "NOT AUTHORISED"}
AUDIT 12 / 441
AUDIT 24 / 441
AUDIT 36 / 441
AUDIT 48 / 441
AUDIT 60 / 441
AUDIT 72 / 441
AUDIT 84 / 441
AUDIT 96 / 441
AUDIT 108 / 441
AUDIT 120 / 441
AUDIT 132 / 441
AUDIT 144 / 441
AUDIT 156 / 441
AUDIT 168 / 441
AUDIT 180 / 441
AUDIT 192 / 441
AUDIT 204 / 441
AUDIT 216 / 441
AUDIT 228 / 441
AUDIT 240 / 441
AUDIT 252 / 441
AUDIT 264 / 441
AUDIT 276 / 441
AUDIT 288 / 441
AUDIT 300 / 441
AUDIT 312 / 441
AUDIT 324 / 441
AUDIT 336 / 441
AUDIT 348 / 441
AUDIT 360 / 441
AUDIT 372 / 441
AUDIT 384 / 441
AUDIT 396 / 441
AUDIT 408 / 441
AUDIT 420 / 441
AUDIT 432 / 441
{"status": "PASS", "synthetic": true, "rows": 441, "pairs": 405, "control_draws_each": 64, "null_asset_period_counts": 77760, "elapsed_seconds": 0.41698175999999876, "scope_sha256": "57c4b417e0ba5bd940fe0eba85d912cca12180e85f32a27540fcd2a4b2c86d1a", "raw_sha256": "1c7536925b7a2a186902c9f3e82fae204b73431c7009e104162fe88fb5440252", "adoption": "NOT AUTHORISED"}
{"status": "PASS", "primitive_scalar_and_prefix_checks": 108, "synthetic_only": true, "market_run": false, "rows": 441, "pairs": 405, "synthetic_null_counts": 77760, "gzip_header_compatibility": true, "raw_tamper_rejected": true}
